\BOOKMARK [1][-]{section.1}{\376\377\000G\000e\000n\000e\000r\000a\000l\000\040\000G\000a\000m\000e\000p\000l\000a\000y\000\040\000a\000n\000d\000\040\000M\000e\000m\000o\000r\000y\000\040\000M\000e\000c\000h\000a\000n\000i\000c\000s}{}% 1
\BOOKMARK [2][-]{subsection.1.1}{\376\377\000I\000n\000t\000r\000o\000d\000u\000c\000t\000i\000o\000n\000\040\000i\000n\000t\000o\000\040\000t\000h\000e\000\040\000g\000a\000m\000e\000p\000l\000a\000y}{section.1}% 2
\BOOKMARK [2][-]{subsection.1.2}{\376\377\000G\000e\000n\000e\000r\000a\000l\000\040\000M\000e\000m\000o\000r\000y\000\040\000M\000e\000c\000h\000a\000n\000i\000c\000s}{section.1}% 3
\BOOKMARK [3][-]{subsubsection.1.2.1}{\376\377\000U\000n\000i\000t\000s\000\040\000i\000n\000\040\000M\000e\000m\000o\000r\000y}{subsection.1.2}% 4
\BOOKMARK [3][-]{subsubsection.1.2.2}{\376\377\000S\000t\000r\000u\000c\000t\000u\000r\000e\000s\000\040\000i\000n\000\040\000M\000e\000m\000o\000r\000y}{subsection.1.2}% 5
\BOOKMARK [3][-]{subsubsection.1.2.3}{\376\377\000S\000e\000l\000e\000c\000t\000i\000n\000g\000\040\000a\000\040\000U\000n\000i\000t}{subsection.1.2}% 6
\BOOKMARK [3][-]{subsubsection.1.2.4}{\376\377\000T\000u\000r\000n\000\040\000f\000l\000a\000g}{subsection.1.2}% 7
\BOOKMARK [1][-]{section.2}{\376\377\000T\000h\000e\000\040\000C\000h\000e\000a\000t\000\040\000F\000r\000a\000m\000e\000w\000o\000r\000k}{}% 8
\BOOKMARK [2][-]{subsection.2.1}{\376\377\000G\000e\000n\000e\000r\000a\000l\000\040\000i\000m\000p\000l\000e\000m\000e\000n\000t\000a\000t\000i\000o\000n}{section.2}% 9
\BOOKMARK [3][-]{subsubsection.2.1.1}{\376\377\000I\000n\000s\000t\000a\000l\000l\000a\000t\000i\000o\000n\000\040\000a\000n\000d\000\040\000U\000s\000a\000g\000e}{subsection.2.1}% 10
\BOOKMARK [1][-]{section.3}{\376\377\000T\000h\000e\000\040\000C\000h\000e\000a\000t\000s}{}% 11
\BOOKMARK [2][-]{subsection.3.1}{\376\377\000I\000n\000v\000i\000n\000c\000i\000b\000i\000l\000i\000t\000y}{section.3}% 12
\BOOKMARK [3][-]{subsubsection.3.1.1}{\376\377\000T\000e\000c\000h\000n\000i\000c\000a\000l\000\040\000B\000a\000c\000k\000g\000r\000o\000u\000n\000d}{subsection.3.1}% 13
\BOOKMARK [3][-]{subsubsection.3.1.2}{\376\377\000P\000y\000B\000o\000y\000\040\000I\000m\000p\000l\000e\000m\000e\000n\000t\000a\000t\000i\000o\000n}{subsection.3.1}% 14
\BOOKMARK [2][-]{subsection.3.2}{\376\377\000M\000o\000n\000e\000y\000\040\000M\000a\000n\000i\000p\000u\000l\000a\000t\000i\000o\000n}{section.3}% 15
\BOOKMARK [3][-]{subsubsection.3.2.1}{\376\377\000T\000e\000c\000h\000n\000i\000c\000a\000l\000\040\000B\000a\000c\000k\000g\000r\000o\000u\000n\000d}{subsection.3.2}% 16
\BOOKMARK [3][-]{subsubsection.3.2.2}{\376\377\000P\000y\000B\000o\000y\000\040\000I\000m\000p\000l\000e\000m\000e\000n\000t\000a\000t\000i\000o\000n}{subsection.3.2}% 17
\BOOKMARK [2][-]{subsection.3.3}{\376\377\000M\000o\000n\000e\000y\000\040\000L\000o\000c\000k\000i\000n\000g}{section.3}% 18
\BOOKMARK [3][-]{subsubsection.3.3.1}{\376\377\000P\000y\000B\000o\000y\000\040\000I\000m\000p\000l\000e\000m\000e\000n\000t\000a\000t\000i\000o\000n}{subsection.3.3}% 19
\BOOKMARK [2][-]{subsection.3.4}{\376\377\000I\000n\000f\000i\000n\000i\000t\000e\000\040\000M\000o\000v\000e\000s}{section.3}% 20
\BOOKMARK [3][-]{subsubsection.3.4.1}{\376\377\000T\000e\000c\000h\000n\000i\000c\000a\000l\000\040\000B\000a\000c\000k\000g\000r\000o\000u\000n\000d}{subsection.3.4}% 21
\BOOKMARK [3][-]{subsubsection.3.4.2}{\376\377\000P\000y\000B\000o\000y\000\040\000I\000m\000p\000l\000e\000m\000e\000n\000t\000a\000t\000i\000o\000n}{subsection.3.4}% 22
\BOOKMARK [2][-]{subsection.3.5}{\376\377\000I\000n\000s\000t\000a\000n\000t\000\040\000C\000a\000p\000t\000u\000r\000e}{section.3}% 23
\BOOKMARK [3][-]{subsubsection.3.5.1}{\376\377\000T\000e\000c\000h\000n\000i\000c\000a\000l\000\040\000B\000a\000c\000k\000g\000r\000o\000u\000n\000d}{subsection.3.5}% 24
\BOOKMARK [3][-]{subsubsection.3.5.2}{\376\377\000P\000y\000B\000o\000y\000\040\000I\000m\000p\000l\000e\000m\000e\000n\000t\000a\000t\000i\000o\000n}{subsection.3.5}% 25
